This is a test progress report for campaign 1
